 PoopWin32Debug

 Timestamp is 59c13422 (Tue Sep 19 11:13:38 2017)

 Preferred load address is 00400000

 Start         Length     Name                   Class
 0001:00000000 00010000H .textbss                DATA
 0002:00000000 00004c5dH .text$mn                CODE
 0003:00000000 00000104H .CRT$XCA                DATA
 0003:00000104 00000104H .CRT$XCAA               DATA
 0003:00000208 00000104H .CRT$XCZ                DATA
 0003:0000030c 00000104H .CRT$XIA                DATA
 0003:00000410 00000104H .CRT$XIAA               DATA
 0003:00000514 00000104H .CRT$XIAC               DATA
 0003:00000618 00000104H .CRT$XIZ                DATA
 0003:0000071c 00000104H .CRT$XPA                DATA
 0003:00000820 00000104H .CRT$XPZ                DATA
 0003:00000924 00000104H .CRT$XTA                DATA
 0003:00000a28 00000108H .CRT$XTZ                DATA
 0003:00000b30 00000bd0H .rdata                  DATA
 0003:00001700 00000184H .rdata$zzzdbg           DATA
 0003:00001884 00000104H .rtc$IAA                DATA
 0003:00001988 00000104H .rtc$IMZ                DATA
 0003:00001a8c 00000104H .rtc$IZZ                DATA
 0003:00001b90 00000104H .rtc$TAA                DATA
 0003:00001c94 00000104H .rtc$TMZ                DATA
 0003:00001d98 00000108H .rtc$TZZ                DATA
 0003:00001ea0 0000018dH .xdata$x                DATA
 0003:0000202d 00000000H .edata                  DATA
 0004:00000000 00000138H .data                   DATA
 0004:00000138 0000045cH .bss                    DATA
 0005:00000000 000001b4H .idata$5                DATA
 0005:000001b4 0000003cH .idata$2                DATA
 0005:000001f0 00000014H .idata$3                DATA
 0005:00000204 000001b4H .idata$4                DATA
 0005:000003b8 0000069cH .idata$6                DATA
 0006:00000000 00000104H .00cfg                  DATA
 0007:00000000 00000170H .rsrc$01                DATA
 0007:00000170 000002ccH .rsrc$02                DATA

  Address         Publics by Value              Rva+Base       Lib:Object

 0000:00000000       ___guard_fids_count        00000000     <absolute>
 0000:00000000       ___guard_iat_table         00000000     <absolute>
 0000:00000000       ___hybrid_code_map         00000000     <absolute>
 0000:00000000       ___guard_iat_count         00000000     <absolute>
 0000:00000000       ___hybrid_auxiliary_iat    00000000     <absolute>
 0000:00000000       ___guard_longjmp_count     00000000     <absolute>
 0000:00000000       ___guard_longjmp_table     00000000     <absolute>
 0000:00000000       ___guard_fids_table        00000000     <absolute>
 0000:00000000       ___safe_se_handler_table   00000000     <absolute>
 0000:00000000       ___dynamic_value_reloc_table 00000000     <absolute>
 0000:00000000       ___hybrid_code_map_count   00000000     <absolute>
 0000:00000000       ___safe_se_handler_count   00000000     <absolute>
 0000:00000000       ___enclave_config          00000000     <absolute>
 0000:00000100       ___guard_flags             00000100     <absolute>
 0000:00000000       ___ImageBase               00400000     <linker-defined>
 0001:00000000       __enc$textbss$begin        00401000     <linker-defined>
 0001:00010000       __enc$textbss$end          00411000     <linker-defined>
 0002:000006a0       _main                      004116a0 f   Source.obj
 0002:000006d0       __CRT_RTC_INIT             004116d0 f   MSVCRTD:_init_.obj
 0002:000006e0       __CRT_RTC_INITW            004116e0 f   MSVCRTD:_init_.obj
 0002:000006f0       __RTC_InitBase             004116f0 f   MSVCRTD:_init_.obj
 0002:00000730       __RTC_Shutdown             00411730 f   MSVCRTD:_init_.obj
 0002:00000b00       ?configure_argv@__scrt_narrow_argv_policy@@SAHXZ 00411b00 f i MSVCRTD:exe_main.obj
 0002:00000b20       ?initialize_environment@__scrt_narrow_environment_policy@@SAHXZ 00411b20 f i MSVCRTD:exe_main.obj
 0002:00000b60       ?set_app_type@__scrt_main_policy@@SAXXZ 00411b60 f i MSVCRTD:exe_main.obj
 0002:00000b80       ?set_commode@__scrt_file_policy@@SAXXZ 00411b80 f i MSVCRTD:exe_main.obj
 0002:00000ba0       ?set_fmode@__scrt_file_policy@@SAXXZ 00411ba0 f i MSVCRTD:exe_main.obj
 0002:00000bc0       _mainCRTStartup            00411bc0 f   MSVCRTD:exe_main.obj
 0002:00000bd0       ?_RTC_GetErrorFunc@@YAP6AHHPBDH00ZZPBX@Z 00411bd0 f   MSVCRTD:_userapi_.obj
 0002:00000be0       ?_RTC_GetErrorFuncW@@YAP6AHHPB_WH00ZZPBX@Z 00411be0 f   MSVCRTD:_userapi_.obj
 0002:00000bf0       __RTC_GetErrDesc           00411bf0 f   MSVCRTD:_userapi_.obj
 0002:00000c10       __RTC_NumErrors            00411c10 f   MSVCRTD:_userapi_.obj
 0002:00000c20       __RTC_SetErrorFunc         00411c20 f   MSVCRTD:_userapi_.obj
 0002:00000c50       __RTC_SetErrorFuncW        00411c50 f   MSVCRTD:_userapi_.obj
 0002:00000c80       __RTC_SetErrorType         00411c80 f   MSVCRTD:_userapi_.obj
 0002:00000cb0       ??$__crt_fast_decode_pointer@PAP6AXXZ@@YAPAP6AXXZQAP6AXXZ@Z 00411cb0 f i MSVCRTD:utility.obj
 0002:00000ce0       ??$__crt_fast_encode_pointer@PAP6AXXZ@@YAPAP6AXXZQAP6AXXZ@Z 00411ce0 f i MSVCRTD:utility.obj
 0002:00000d20       ?__crt_rotate_pointer_value@@YAIIH@Z 00411d20 f i MSVCRTD:utility.obj
 0002:00000e70       _NtCurrentTeb              00411e70 f i MSVCRTD:utility.obj
 0002:00000e80       ___scrt_acquire_startup_lock 00411e80 f   MSVCRTD:utility.obj
 0002:00000ee0       ___scrt_dllmain_after_initialize_c 00411ee0 f   MSVCRTD:utility.obj
 0002:00000f20       ___scrt_dllmain_before_initialize_c 00411f20 f   MSVCRTD:utility.obj
 0002:00000f50       ___scrt_dllmain_crt_thread_attach 00411f50 f   MSVCRTD:utility.obj
 0002:00000f90       ___scrt_dllmain_crt_thread_detach 00411f90 f   MSVCRTD:utility.obj
 0002:00000fb0       ___scrt_dllmain_exception_filter 00411fb0 f   MSVCRTD:utility.obj
 0002:00001010       ___scrt_dllmain_uninitialize_c 00412010 f   MSVCRTD:utility.obj
 0002:00001050       ___scrt_dllmain_uninitialize_critical 00412050 f   MSVCRTD:utility.obj
 0002:00001070       ___scrt_initialize_crt     00412070 f   MSVCRTD:utility.obj
 0002:000010d0       ___scrt_initialize_onexit_tables 004120d0 f   MSVCRTD:utility.obj
 0002:000011f0       ___scrt_is_nonwritable_in_current_image 004121f0 f   MSVCRTD:utility.obj
 0002:00001370       ___scrt_release_startup_lock 00412370 f   MSVCRTD:utility.obj
 0002:000013a0       ___scrt_uninitialize_crt   004123a0 f   MSVCRTD:utility.obj
 0002:000013f0       __onexit                   004123f0 f   MSVCRTD:utility.obj
 0002:00001480       _at_quick_exit             00412480 f   MSVCRTD:utility.obj
 0002:000014e0       _atexit                    004124e0 f   MSVCRTD:utility.obj
 0002:000015b0       ___security_init_cookie    004125b0 f   MSVCRTD:gs_support.obj
 0002:00001650       __matherr                  00412650 f   MSVCRTD:matherr.obj
 0002:00001660       __get_startup_argv_mode    00412660 f   MSVCRTD:argv_mode.obj
 0002:00001670       __get_startup_commit_mode  00412670 f   MSVCRTD:commit_mode.obj
 0002:00001680       __get_startup_file_mode    00412680 f   MSVCRTD:file_mode.obj
 0002:00001690       __get_startup_new_mode     00412690 f   MSVCRTD:new_mode.obj
 0002:000016a0       __get_startup_thread_locale_mode 004126a0 f   MSVCRTD:thread_locale.obj
 0002:000016b0       ?__scrt_initialize_type_info@@YAXXZ 004126b0 f   MSVCRTD:tncleanup.obj
 0002:000016d0       ?__scrt_uninitialize_type_info@@YAXXZ 004126d0 f   MSVCRTD:tncleanup.obj
 0002:000016f0       __should_initialize_environment 004126f0 f   MSVCRTD:env_mode.obj
 0002:00001700       __initialize_default_precision 00412700 f   MSVCRTD:default_precision.obj
 0002:00001730       __initialize_invalid_parameter_handler 00412730 f   MSVCRTD:invalid_parameter_handler.obj
 0002:00001740       __initialize_denormal_control 00412740 f   MSVCRTD:denormal_control.obj
 0002:00001750       ___local_stdio_printf_options 00412750 f i MSVCRTD:default_local_stdio_options.obj
 0002:00001760       ___local_stdio_scanf_options 00412760 f i MSVCRTD:default_local_stdio_options.obj
 0002:00001770       ___scrt_initialize_default_local_stdio_options 00412770 f   MSVCRTD:default_local_stdio_options.obj
 0002:000017c0       ___scrt_is_user_matherr_present 004127c0 f   MSVCRTD:matherr_detection.obj
 0002:000017f0       ___scrt_get_dyn_tls_init_callback 004127f0 f   MSVCRTD:dyn_tls_init.obj
 0002:00001800       ___scrt_get_dyn_tls_dtor_callback 00412800 f   MSVCRTD:dyn_tls_dtor.obj
 0002:00001810       ___scrt_fastfail           00412810 f   MSVCRTD:utility_desktop.obj
 0002:000019a0       ___scrt_get_show_window_mode 004129a0 f   MSVCRTD:utility_desktop.obj
 0002:000019f0       ___scrt_initialize_winrt   004129f0 f   MSVCRTD:utility_desktop.obj
 0002:00001a00       ___scrt_is_managed_app     00412a00 f   MSVCRTD:utility_desktop.obj
 0002:00001ab0       ___scrt_set_unhandled_exception_filter 00412ab0 f   MSVCRTD:utility_desktop.obj
 0002:00001ad0       ___scrt_unhandled_exception_filter@4 00412ad0 f   MSVCRTD:utility_desktop.obj
 0002:00001b50       __crt_debugger_hook        00412b50 f   MSVCRTD:utility_desktop.obj
 0002:00001b70       __RTC_Initialize           00412b70 f   MSVCRTD:_initsect_.obj
 0002:00001bb0       __RTC_Terminate            00412bb0 f   MSVCRTD:_initsect_.obj
 0002:00001bf0       @_guard_check_icall@4      00412bf0 f i MSVCRTD:checkcfg.obj
 0002:00001c10       __except_handler4          00412c10 f   MSVCRTD:_chandler4gs_.obj
 0002:00001c40       ??$__vcrt_va_start_verify_argument_type@QBD@@YAXXZ 00412c40 f i MSVCRTD:_error_.obj
 0002:00001df0       ?_RTC_AllocaFailure@@YAXPAXPAU_RTC_ALLOCA_NODE@@H@Z 00412df0 f   MSVCRTD:_error_.obj
 0002:00001f10       ?_RTC_Failure@@YAXPAXH@Z   00412f10 f   MSVCRTD:_error_.obj
 0002:00001f80       ?_RTC_StackFailure@@YAXPAXPBD@Z 00412f80 f   MSVCRTD:_error_.obj
 0002:000023a0       __RTC_UninitUse            004133a0 f   MSVCRTD:_error_.obj
 0002:00002480       __vsprintf_s_l             00413480 f i MSVCRTD:_error_.obj
 0002:000024c0       _sprintf_s                 004134c0 f i MSVCRTD:_error_.obj
 0002:000024f0       ___isa_available_init      004134f0 f   MSVCRTD:_cpu_disp_.obj
 0002:00002880       ___scrt_is_ucrt_dll_in_use 00413880 f   MSVCRTD:ucrt_detection.obj
 0002:000028b0       @_guard_check_icall_nop@4  004138b0 f i MSVCRTD:guard_support.obj
 0002:000028c0       _ReadNoFence               004138c0 f i MSVCRTD:guard_support.obj
 0002:000028e0       _ReadPointerNoFence        004138e0 f i MSVCRTD:guard_support.obj
 0002:00002900       __guard_icall_checks_enforced 00413900 f i MSVCRTD:guard_support.obj
 0002:00002940       @__security_check_cookie@4 00413940 f   MSVCRTD:_secchk_.obj
 0002:00002f20       ?_RTC_GetSrcLine@@YAHPAEPA_WKPAH1K@Z 00413f20 f   MSVCRTD:_pdblkup_.obj
 0002:00003340       ___raise_securityfailure   00414340 f   MSVCRTD:gs_report.obj
 0002:00003380       ___report_gsfailure        00414380 f   MSVCRTD:gs_report.obj
 0002:000034d0       ___report_rangecheckfailure 004144d0 f   MSVCRTD:gs_report.obj
 0002:000034e0       ___report_securityfailure  004144e0 f   MSVCRTD:gs_report.obj
 0002:000035f0       ___report_securityfailureEx 004145f0 f   MSVCRTD:gs_report.obj
 0002:0000375e       ___std_type_info_destroy_list 0041475e f   vcruntimed:VCRUNTIME140D.dll
 0002:00003764       _memset                    00414764 f   vcruntimed:VCRUNTIME140D.dll
 0002:0000376a       __except_handler4_common   0041476a f   vcruntimed:VCRUNTIME140D.dll
 0002:00003770       ___vcrt_GetModuleFileNameW 00414770 f   vcruntimed:VCRUNTIME140D.dll
 0002:00003776       ___vcrt_GetModuleHandleW   00414776 f   vcruntimed:VCRUNTIME140D.dll
 0002:0000377c       ___vcrt_LoadLibraryExW     0041477c f   vcruntimed:VCRUNTIME140D.dll
 0002:00003782       __CrtDbgReport             00414782 f   ucrtd:ucrtbased.dll
 0002:00003788       __CrtDbgReportW            00414788 f   ucrtd:ucrtbased.dll
 0002:0000378e       __seh_filter_exe           0041478e f   ucrtd:ucrtbased.dll
 0002:00003794       __set_app_type             00414794 f   ucrtd:ucrtbased.dll
 0002:0000379a       ___setusermatherr          0041479a f   ucrtd:ucrtbased.dll
 0002:000037a0       __configure_narrow_argv    004147a0 f   ucrtd:ucrtbased.dll
 0002:000037a6       __initialize_narrow_environment 004147a6 f   ucrtd:ucrtbased.dll
 0002:000037ac       __get_initial_narrow_environment 004147ac f   ucrtd:ucrtbased.dll
 0002:000037b2       __initterm                 004147b2 f   ucrtd:ucrtbased.dll
 0002:000037b8       __initterm_e               004147b8 f   ucrtd:ucrtbased.dll
 0002:000037be       _exit                      004147be f   ucrtd:ucrtbased.dll
 0002:000037c4       __exit                     004147c4 f   ucrtd:ucrtbased.dll
 0002:000037ca       __set_fmode                004147ca f   ucrtd:ucrtbased.dll
 0002:000037d0       ___p___argc                004147d0 f   ucrtd:ucrtbased.dll
 0002:000037d6       ___p___argv                004147d6 f   ucrtd:ucrtbased.dll
 0002:000037dc       __cexit                    004147dc f   ucrtd:ucrtbased.dll
 0002:000037e2       __c_exit                   004147e2 f   ucrtd:ucrtbased.dll
 0002:000037e8       __register_thread_local_exe_atexit_callback 004147e8 f   ucrtd:ucrtbased.dll
 0002:000037ee       __configthreadlocale       004147ee f   ucrtd:ucrtbased.dll
 0002:000037f4       __set_new_mode             004147f4 f   ucrtd:ucrtbased.dll
 0002:000037fa       ___p__commode              004147fa f   ucrtd:ucrtbased.dll
 0002:00003800       __seh_filter_dll           00414800 f   ucrtd:ucrtbased.dll
 0002:00003806       __initialize_onexit_table  00414806 f   ucrtd:ucrtbased.dll
 0002:0000380c       __register_onexit_function 0041480c f   ucrtd:ucrtbased.dll
 0002:00003812       __execute_onexit_table     00414812 f   ucrtd:ucrtbased.dll
 0002:00003818       __crt_atexit               00414818 f   ucrtd:ucrtbased.dll
 0002:0000381e       __crt_at_quick_exit        0041481e f   ucrtd:ucrtbased.dll
 0002:00003824       __controlfp_s              00414824 f   ucrtd:ucrtbased.dll
 0002:0000382a       _terminate                 0041482a f   ucrtd:ucrtbased.dll
 0002:00003830       _strcpy_s                  00414830 f   ucrtd:ucrtbased.dll
 0002:00003836       _strcat_s                  00414836 f   ucrtd:ucrtbased.dll
 0002:0000383c       ___stdio_common_vsprintf_s 0041483c f   ucrtd:ucrtbased.dll
 0002:00003842       __wmakepath_s              00414842 f   ucrtd:ucrtbased.dll
 0002:00003848       __wsplitpath_s             00414848 f   ucrtd:ucrtbased.dll
 0002:0000384e       _wcscpy_s                  0041484e f   ucrtd:ucrtbased.dll
 0002:00003854       _QueryPerformanceCounter@4 00414854 f   kernel32:KERNEL32.dll
 0002:0000385a       _GetCurrentProcessId@0     0041485a f   kernel32:KERNEL32.dll
 0002:00003860       _GetCurrentThreadId@0      00414860 f   kernel32:KERNEL32.dll
 0002:00003866       _GetSystemTimeAsFileTime@4 00414866 f   kernel32:KERNEL32.dll
 0002:0000386c       _InitializeSListHead@4     0041486c f   kernel32:KERNEL32.dll
 0002:00003872       _IsDebuggerPresent@0       00414872 f   kernel32:KERNEL32.dll
 0002:00003878       _UnhandledExceptionFilter@4 00414878 f   kernel32:KERNEL32.dll
 0002:0000387e       _SetUnhandledExceptionFilter@4 0041487e f   kernel32:KERNEL32.dll
 0002:00003884       _GetStartupInfoW@4         00414884 f   kernel32:KERNEL32.dll
 0002:0000388a       _IsProcessorFeaturePresent@4 0041488a f   kernel32:KERNEL32.dll
 0002:00003890       _GetModuleHandleW@4        00414890 f   kernel32:KERNEL32.dll
 0002:00003896       _RaiseException@16         00414896 f   kernel32:KERNEL32.dll
 0002:0000389c       _MultiByteToWideChar@24    0041489c f   kernel32:KERNEL32.dll
 0002:000038a2       _WideCharToMultiByte@32    004148a2 f   kernel32:KERNEL32.dll
 0002:000038a8       _GetLastError@0            004148a8 f   kernel32:KERNEL32.dll
 0002:000038ae       _HeapAlloc@12              004148ae f   kernel32:KERNEL32.dll
 0002:000038b4       _HeapFree@12               004148b4 f   kernel32:KERNEL32.dll
 0002:000038ba       _GetProcessHeap@0          004148ba f   kernel32:KERNEL32.dll
 0002:000038c0       _VirtualQuery@12           004148c0 f   kernel32:KERNEL32.dll
 0002:000038c6       _FreeLibrary@4             004148c6 f   kernel32:KERNEL32.dll
 0002:000038cc       _GetProcAddress@8          004148cc f   kernel32:KERNEL32.dll
 0002:000038d2       _GetCurrentProcess@0       004148d2 f   kernel32:KERNEL32.dll
 0002:000038d8       _TerminateProcess@8        004148d8 f   kernel32:KERNEL32.dll
 0002:000038e0       ___scrt_stub_for_acrt_initialize 004148e0 f   MSVCRTD:ucrt_stubs.obj
 0002:000038e0       ___acrt_initialize         004148e0 f   MSVCRTD:ucrt_stubs.obj
 0002:000038e0       ___vcrt_initialize         004148e0 f   MSVCRTD:ucrt_stubs.obj
 0002:000038f0       ___vcrt_thread_attach      004148f0 f   MSVCRTD:ucrt_stubs.obj
 0002:000038f0       ___scrt_stub_for_acrt_thread_attach 004148f0 f   MSVCRTD:ucrt_stubs.obj
 0002:000038f0       ___acrt_thread_attach      004148f0 f   MSVCRTD:ucrt_stubs.obj
 0002:00003900       ___acrt_thread_detach      00414900 f   MSVCRTD:ucrt_stubs.obj
 0002:00003900       ___vcrt_thread_detach      00414900 f   MSVCRTD:ucrt_stubs.obj
 0002:00003900       ___scrt_stub_for_acrt_thread_detach 00414900 f   MSVCRTD:ucrt_stubs.obj
 0002:00003910       ___acrt_uninitialize       00414910 f   MSVCRTD:ucrt_stubs.obj
 0002:00003910       ___vcrt_uninitialize       00414910 f   MSVCRTD:ucrt_stubs.obj
 0002:00003910       ___scrt_stub_for_acrt_uninitialize 00414910 f   MSVCRTD:ucrt_stubs.obj
 0002:00003920       ___scrt_stub_for_acrt_uninitialize_critical 00414920 f   MSVCRTD:ucrt_stubs.obj
 0002:00003920       ___acrt_uninitialize_critical 00414920 f   MSVCRTD:ucrt_stubs.obj
 0002:00003920       ___vcrt_uninitialize_critical 00414920 f   MSVCRTD:ucrt_stubs.obj
 0002:00003930       __is_c_termination_complete 00414930 f   MSVCRTD:ucrt_stubs.obj
 0002:00003930       ___scrt_stub_for_is_c_termination_complete 00414930 f   MSVCRTD:ucrt_stubs.obj
 0003:00000000       ___xc_a                    00416000     MSVCRTD:initializers.obj
 0003:00000208       ___xc_z                    00416208     MSVCRTD:initializers.obj
 0003:0000030c       ___xi_a                    0041630c     MSVCRTD:initializers.obj
 0003:00000618       ___xi_z                    00416618     MSVCRTD:initializers.obj
 0003:0000071c       ___xp_a                    0041671c     MSVCRTD:initializers.obj
 0003:00000820       ___xp_z                    00416820     MSVCRTD:initializers.obj
 0003:00000924       ___xt_a                    00416924     MSVCRTD:initializers.obj
 0003:00000a28       ___xt_z                    00416a28     MSVCRTD:initializers.obj
 0003:00000b48       ??_C@_0BJ@HEGAHDFO@Stack?5pointer?5corruption?$AA@ 00416b48     MSVCRTD:_userapi_.obj
 0003:00000b68       ??_C@_0CK@FEGOIOPB@Cast?5to?5smaller?5type?5causing?5los@ 00416b68     MSVCRTD:_userapi_.obj
 0003:00000b9c       ??_C@_0BI@CIGMDCBH@Stack?5memory?5corruption?$AA@ 00416b9c     MSVCRTD:_userapi_.obj
 0003:00000bb8       ??_C@_0CK@CNLNOEPB@Local?5variable?5used?5before?5initi@ 00416bb8     MSVCRTD:_userapi_.obj
 0003:00000bec       ??_C@_0BP@OGBCLIBO@Stack?5around?5_alloca?5corrupted?$AA@ 00416bec     MSVCRTD:_userapi_.obj
 0003:00000cd0       ??_C@_0NN@NGPKDKPD@The?5value?5of?5ESP?5was?5not?5properl@ 00416cd0     MSVCRTD:_error_.obj
 0003:00000de0       ??_C@_0BBN@GPMLNJCF@A?5cast?5to?5a?5smaller?5data?5type?5ha@ 00416de0     MSVCRTD:_error_.obj
 0003:00000f38       ??_C@_0BN@FFOINMNJ@Stack?5memory?5was?5corrupted?6?$AN?$AA@ 00416f38     MSVCRTD:_error_.obj
 0003:00000f5c       ??_C@_0DG@HKJMLLLP@A?5local?5variable?5was?5used?5before@ 00416f5c     MSVCRTD:_error_.obj
 0003:00000f9c       ??_C@_0CM@NGINOKPC@Stack?5memory?5around?5_alloca?5was?5@ 00416f9c     MSVCRTD:_error_.obj
 0003:00000fd0       ??_C@_0BO@GNIAFIKK@Unknown?5Runtime?5Check?5Error?6?$AN?$AA@ 00416fd0     MSVCRTD:_error_.obj
 0003:00000ff8       ??_C@_1GM@OLMCBDMB@?$AAR?$AAu?$AAn?$AAt?$AAi?$AAm?$AAe?$AA?5?$AAC?$AAh?$AAe?$AAc?$AAk?$AA?5?$AAE?$AAr?$AAr?$AAo?$AAr?$AA?4?$AA?6?$AA?$AN?$AA?5?$AAU?$AAn?$AAa?$AAb?$AAl?$AAe?$AA?5?$AAt?$AAo@ 00416ff8     MSVCRTD:_error_.obj
 0003:00001080       ??_C@_1EA@NFKNIFJP@?$AAR?$AAu?$AAn?$AA?9?$AAT?$AAi?$AAm?$AAe?$AA?5?$AAC?$AAh?$AAe?$AAc?$AAk?$AA?5?$AAF?$AAa?$AAi?$AAl?$AAu?$AAr?$AAe?$AA?5?$AA?$CD?$AA?$CF?$AAd?$AA?5?$AA?9?$AA?5?$AA?$CF?$AAs?$AA?$AA@ 00417080     MSVCRTD:_error_.obj
 0003:000010cc       ??_C@_0BB@PFFGGCJP@Unknown?5Filename?$AA@ 004170cc     MSVCRTD:_error_.obj
 0003:000010e0       ??_C@_0BE@GNBOBNCK@Unknown?5Module?5Name?$AA@ 004170e0     MSVCRTD:_error_.obj
 0003:000010f8       ??_C@_0CA@IODNCDPG@Run?9Time?5Check?5Failure?5?$CD?$CFd?5?9?5?$CFs?$AA@ 004170f8     MSVCRTD:_error_.obj
 0003:00001120       ??_C@_0CG@IAFNJNEE@Stack?5corrupted?5near?5unknown?5var@ 00417120     MSVCRTD:_error_.obj
 0003:00001150       ??_C@_05MKKEDADM@?$CF?42X?5?$AA@ 00417150     MSVCRTD:_error_.obj
 0003:00001158       ??_C@_0EJ@LJKNEOLN@Stack?5area?5around?5_alloca?5memory@ 00417158     MSVCRTD:_error_.obj
 0003:000011b0       ??_C@_01EEMJAFIK@?6?$AA@   004171b0     MSVCRTD:_error_.obj
 0003:000011b4       ??_C@_02LLMPMKNF@?$DO?5?$AA@ 004171b4     MSVCRTD:_error_.obj
 0003:000011b8       ??_C@_08OMAHNMHJ@?6Data?3?5?$DM?$AA@ 004171b8     MSVCRTD:_error_.obj
 0003:000011c4       ??_C@_0CK@DKGBICFE@?6Allocation?5number?5within?5this?5f@ 004171c4     MSVCRTD:_error_.obj
 0003:000011f8       ??_C@_07DFDJCKFN@?6Size?3?5?$AA@ 004171f8     MSVCRTD:_error_.obj
 0003:00001204       ??_C@_0N@MHFFIMFG@?6Address?3?50x?$AA@ 00417204     MSVCRTD:_error_.obj
 0003:00001218       ??_C@_0EI@CLEPFNGI@Stack?5area?5around?5_alloca?5memory@ 00417218     MSVCRTD:_error_.obj
 0003:00001270       ??_C@_0BK@ODNDAGKB@?$CFs?$CFs?$CFp?$CFs?$CFzd?$CFs?$CFd?$CFs?$CFs?$CFs?$CFs?$CFs?$AA@ 00417270     MSVCRTD:_error_.obj
 0003:00001290       ??_C@_0DE@OHJBPMBP@A?5variable?5is?5being?5used?5without@ 00417290     MSVCRTD:_error_.obj
 0003:00001328       ??_C@_1EI@MLPKHBGE@?$AAa?$AAp?$AAi?$AA?9?$AAm?$AAs?$AA?9?$AAw?$AAi?$AAn?$AA?9?$AAc?$AAo?$AAr?$AAe?$AA?9?$AAr?$AAe?$AAg?$AAi?$AAs?$AAt?$AAr?$AAy?$AA?9?$AAl?$AA1?$AA?9?$AA1?$AA?9?$AA0?$AA?4@ 00417328     MSVCRTD:_pdblkup_.obj
 0003:00001380       ??_C@_1BK@JHLNAEJL@?$AAa?$AAd?$AAv?$AAa?$AAp?$AAi?$AA3?$AA2?$AA?4?$AAd?$AAl?$AAl?$AA?$AA@ 00417380     MSVCRTD:_pdblkup_.obj
 0003:000013a0       ??_C@_0O@COHOBMLB@RegOpenKeyExW?$AA@ 004173a0     MSVCRTD:_pdblkup_.obj
 0003:000013b0       ??_C@_0BB@GLNAEDBD@RegQueryValueExW?$AA@ 004173b0     MSVCRTD:_pdblkup_.obj
 0003:000013c4       ??_C@_0M@HLOHPNFA@RegCloseKey?$AA@ 004173c4     MSVCRTD:_pdblkup_.obj
 0003:000013d8       ??_C@_1HE@EBEAGLFB@?$AAS?$AAO?$AAF?$AAT?$AAW?$AAA?$AAR?$AAE?$AA?2?$AAW?$AAo?$AAw?$AA6?$AA4?$AA3?$AA2?$AAN?$AAo?$AAd?$AAe?$AA?2?$AAM?$AAi?$AAc?$AAr?$AAo?$AAs?$AAo?$AAf?$AAt?$AA?2?$AAV@ 004173d8     MSVCRTD:_pdblkup_.obj
 0003:00001464       ??_C@_1BG@EABPBLLF@?$AAP?$AAr?$AAo?$AAd?$AAu?$AAc?$AAt?$AAD?$AAi?$AAr?$AA?$AA@ 00417464     MSVCRTD:_pdblkup_.obj
 0003:000014a4       ??_C@_1BC@JINFINNJ@?$AAM?$AAS?$AAP?$AAD?$AAB?$AA1?$AA4?$AA0?$AA?$AA@ 004174a4     MSVCRTD:_pdblkup_.obj
 0003:000014bc       ??_C@_0BB@KCIACLNC@PDBOpenValidate5?$AA@ 004174bc     MSVCRTD:_pdblkup_.obj
 0003:000014d0       ??_C@_01KDCPPGHE@r?$AA@    004174d0     MSVCRTD:_pdblkup_.obj
 0003:00001518       __load_config_used         00417518     MSVCRTD:loadcfg.obj
 0003:00001884       ___rtc_iaa                 00417884     MSVCRTD:_initsect_.obj
 0003:00001a8c       ___rtc_izz                 00417a8c     MSVCRTD:_initsect_.obj
 0003:00001b90       ___rtc_taa                 00417b90     MSVCRTD:_initsect_.obj
 0003:00001d98       ___rtc_tzz                 00417d98     MSVCRTD:_initsect_.obj
 0004:00000000       ___scrt_native_dllmain_reason 00419000     MSVCRTD:utility.obj
 0004:00000004       ___scrt_default_matherr    00419004     MSVCRTD:matherr.obj
 0004:00000008       ___security_cookie         00419008     MSVCRTD:gs_cookie.obj
 0004:0000000c       ___security_cookie_complement 0041900c     MSVCRTD:gs_cookie.obj
 0004:00000014       ?_RTC_ErrorLevels@@3PAHA   00419014     MSVCRTD:_error_.obj
 0004:0000002c       ___isa_enabled             0041902c     MSVCRTD:_cpu_disp_.obj
 0004:00000030       ___scrt_ucrt_dll_is_in_use 00419030     MSVCRTD:ucrt_stubs.obj
 0004:00000164       ___scrt_current_native_startup_state 00419164     MSVCRTD:utility.obj
 0004:00000168       ___scrt_native_startup_lock 00419168     MSVCRTD:utility.obj
 0004:00000178       ?__type_info_root_node@@3U__type_info_node@@A 00419178     MSVCRTD:tncleanup.obj
 0004:00000188       ?_OptionsStorage@?1??__local_stdio_printf_options@@9@4_KA 00419188     MSVCRTD:default_local_stdio_options.obj
 0004:00000198       ?_OptionsStorage@?1??__local_stdio_scanf_options@@9@4_KA 00419198     MSVCRTD:default_local_stdio_options.obj
 0004:000001a4       ___scrt_debugger_hook_flag 004191a4     MSVCRTD:utility_desktop.obj
 0004:000001a8       ___isa_available           004191a8     MSVCRTD:_cpu_disp_.obj
 0004:000001ac       ___favor                   004191ac     MSVCRTD:_cpu_disp_.obj
 0004:0000057c       ___dyn_tls_dtor_callback   0041957c     <common>
 0004:00000588       ___dyn_tls_init_callback   00419588     <common>
 0005:00000000       __imp__GetLastError@0      0041a000     kernel32:KERNEL32.dll
 0005:00000004       __imp__GetCurrentProcessId@0 0041a004     kernel32:KERNEL32.dll
 0005:00000008       __imp__GetCurrentThreadId@0 0041a008     kernel32:KERNEL32.dll
 0005:0000000c       __imp__GetSystemTimeAsFileTime@4 0041a00c     kernel32:KERNEL32.dll
 0005:00000010       __imp__InitializeSListHead@4 0041a010     kernel32:KERNEL32.dll
 0005:00000014       __imp__IsDebuggerPresent@0 0041a014     kernel32:KERNEL32.dll
 0005:00000018       __imp__TerminateProcess@8  0041a018     kernel32:KERNEL32.dll
 0005:0000001c       __imp__GetCurrentProcess@0 0041a01c     kernel32:KERNEL32.dll
 0005:00000020       __imp__GetProcAddress@8    0041a020     kernel32:KERNEL32.dll
 0005:00000024       __imp__FreeLibrary@4       0041a024     kernel32:KERNEL32.dll
 0005:00000028       __imp__VirtualQuery@12     0041a028     kernel32:KERNEL32.dll
 0005:0000002c       __imp__GetProcessHeap@0    0041a02c     kernel32:KERNEL32.dll
 0005:00000030       __imp__HeapFree@12         0041a030     kernel32:KERNEL32.dll
 0005:00000034       __imp__HeapAlloc@12        0041a034     kernel32:KERNEL32.dll
 0005:00000038       __imp__QueryPerformanceCounter@4 0041a038     kernel32:KERNEL32.dll
 0005:0000003c       __imp__WideCharToMultiByte@32 0041a03c     kernel32:KERNEL32.dll
 0005:00000040       __imp__MultiByteToWideChar@24 0041a040     kernel32:KERNEL32.dll
 0005:00000044       __imp__RaiseException@16   0041a044     kernel32:KERNEL32.dll
 0005:00000048       __imp__GetModuleHandleW@4  0041a048     kernel32:KERNEL32.dll
 0005:0000004c       __imp__IsProcessorFeaturePresent@4 0041a04c     kernel32:KERNEL32.dll
 0005:00000050       __imp__GetStartupInfoW@4   0041a050     kernel32:KERNEL32.dll
 0005:00000054       __imp__SetUnhandledExceptionFilter@4 0041a054     kernel32:KERNEL32.dll
 0005:00000058       __imp__UnhandledExceptionFilter@4 0041a058     kernel32:KERNEL32.dll
 0005:0000005c       \177KERNEL32_NULL_THUNK_DATA 0041a05c     kernel32:KERNEL32.dll
 0005:00000098       __imp____vcrt_GetModuleFileNameW 0041a098     vcruntimed:VCRUNTIME140D.dll
 0005:0000009c       __imp___except_handler4_common 0041a09c     vcruntimed:VCRUNTIME140D.dll
 0005:000000a0       __imp__memset              0041a0a0     vcruntimed:VCRUNTIME140D.dll
 0005:000000a4       __imp____vcrt_GetModuleHandleW 0041a0a4     vcruntimed:VCRUNTIME140D.dll
 0005:000000a8       __imp____vcrt_LoadLibraryExW 0041a0a8     vcruntimed:VCRUNTIME140D.dll
 0005:000000ac       __imp____std_type_info_destroy_list 0041a0ac     vcruntimed:VCRUNTIME140D.dll
 0005:000000b0       \177VCRUNTIME140D_NULL_THUNK_DATA 0041a0b0     vcruntimed:VCRUNTIME140D.dll
 0005:000000e0       __imp___execute_onexit_table 0041a0e0     ucrtd:ucrtbased.dll
 0005:000000e4       __imp___crt_atexit         0041a0e4     ucrtd:ucrtbased.dll
 0005:000000e8       __imp___initialize_onexit_table 0041a0e8     ucrtd:ucrtbased.dll
 0005:000000ec       __imp___controlfp_s        0041a0ec     ucrtd:ucrtbased.dll
 0005:000000f0       __imp__terminate           0041a0f0     ucrtd:ucrtbased.dll
 0005:000000f4       __imp__strcpy_s            0041a0f4     ucrtd:ucrtbased.dll
 0005:000000f8       __imp__strcat_s            0041a0f8     ucrtd:ucrtbased.dll
 0005:000000fc       __imp____stdio_common_vsprintf_s 0041a0fc     ucrtd:ucrtbased.dll
 0005:00000100       __imp___wmakepath_s        0041a100     ucrtd:ucrtbased.dll
 0005:00000104       __imp___wsplitpath_s       0041a104     ucrtd:ucrtbased.dll
 0005:00000108       __imp__wcscpy_s            0041a108     ucrtd:ucrtbased.dll
 0005:0000010c       __imp___register_onexit_function 0041a10c     ucrtd:ucrtbased.dll
 0005:00000110       __imp___seh_filter_dll     0041a110     ucrtd:ucrtbased.dll
 0005:00000114       __imp____p__commode        0041a114     ucrtd:ucrtbased.dll
 0005:00000118       __imp___set_new_mode       0041a118     ucrtd:ucrtbased.dll
 0005:0000011c       __imp___configthreadlocale 0041a11c     ucrtd:ucrtbased.dll
 0005:00000120       __imp___register_thread_local_exe_atexit_callback 0041a120     ucrtd:ucrtbased.dll
 0005:00000124       __imp___c_exit             0041a124     ucrtd:ucrtbased.dll
 0005:00000128       __imp___cexit              0041a128     ucrtd:ucrtbased.dll
 0005:0000012c       __imp____p___argv          0041a12c     ucrtd:ucrtbased.dll
 0005:00000130       __imp____p___argc          0041a130     ucrtd:ucrtbased.dll
 0005:00000134       __imp___set_fmode          0041a134     ucrtd:ucrtbased.dll
 0005:00000138       __imp___exit               0041a138     ucrtd:ucrtbased.dll
 0005:0000013c       __imp__exit                0041a13c     ucrtd:ucrtbased.dll
 0005:00000140       __imp___initterm_e         0041a140     ucrtd:ucrtbased.dll
 0005:00000144       __imp___initterm           0041a144     ucrtd:ucrtbased.dll
 0005:00000148       __imp___get_initial_narrow_environment 0041a148     ucrtd:ucrtbased.dll
 0005:0000014c       __imp___initialize_narrow_environment 0041a14c     ucrtd:ucrtbased.dll
 0005:00000150       __imp___configure_narrow_argv 0041a150     ucrtd:ucrtbased.dll
 0005:00000154       __imp____setusermatherr    0041a154     ucrtd:ucrtbased.dll
 0005:00000158       __imp___set_app_type       0041a158     ucrtd:ucrtbased.dll
 0005:0000015c       __imp___seh_filter_exe     0041a15c     ucrtd:ucrtbased.dll
 0005:00000160       __imp___CrtDbgReportW      0041a160     ucrtd:ucrtbased.dll
 0005:00000164       __imp___CrtDbgReport       0041a164     ucrtd:ucrtbased.dll
 0005:00000168       __imp___crt_at_quick_exit  0041a168     ucrtd:ucrtbased.dll
 0005:0000016c       \177ucrtbased_NULL_THUNK_DATA 0041a16c     ucrtd:ucrtbased.dll
 0005:000001b4       __IMPORT_DESCRIPTOR_VCRUNTIME140D 0041a1b4     vcruntimed:VCRUNTIME140D.dll
 0005:000001c8       __IMPORT_DESCRIPTOR_ucrtbased 0041a1c8     ucrtd:ucrtbased.dll
 0005:000001dc       __IMPORT_DESCRIPTOR_KERNEL32 0041a1dc     kernel32:KERNEL32.dll
 0005:000001f0       __NULL_IMPORT_DESCRIPTOR   0041a1f0     vcruntimed:VCRUNTIME140D.dll
 0006:00000000       ___guard_check_icall_fptr  0041b000     MSVCRTD:guard_support.obj
